[SPX] Starting
[SPX] Trading 2 products: GPU Router
[SPX] Created FIFO /tmp/spx_exchange_0
[SPX] Created FIFO /tmp/spx_trader_0
[SPX] Starting trader 0 (tests/E2E/many_sells/trader)
[SPX] Connected to /tmp/spx_exchange_0
[SPX] Connected to /tmp/spx_trader_0
[SPX] [T0] Parsing command: <SELL 0 GPU 30 500>
[SPX]	--ORDERBOOK--
[SPX]	Product: GPU; Buy levels: 0; Sell levels: 1
[SPX]		SELL 30 @ $500 (1 order)
[SPX]	Product: Router; Buy levels: 0; Sell levels: 0
[SPX]	--POSITIONS--
[SPX]	Trader 0: GPU 0 ($0), Router 0 ($0)
[SPX] [T0] Parsing command: <SELL 1 GPU 35 500>
[SPX]	--ORDERBOOK--
[SPX]	Product: GPU; Buy levels: 0; Sell levels: 1
[SPX]		SELL 65 @ $500 (2 orders)
[SPX]	Product: Router; Buy levels: 0; Sell levels: 0
[SPX]	--POSITIONS--
[SPX]	Trader 0: GPU 0 ($0), Router 0 ($0)
[SPX] [T0] Parsing command: <SELL 2 ROUTER 15 10>
[SPX]	--ORDERBOOK--
[SPX]	Product: GPU; Buy levels: 0; Sell levels: 1
[SPX]		SELL 65 @ $500 (2 orders)
[SPX]	Product: Router; Buy levels: 0; Sell levels: 1
[SPX]		SELL 15 @ $10 (1 order)
[SPX]	--POSITIONS--
[SPX]	Trader 0: GPU 0 ($0), Router 0 ($0)
[SPX] [T0] Parsing command: <SELL 3 GPU 40 499>
[SPX]	--ORDERBOOK--
[SPX]	Product: GPU; Buy levels: 0; Sell levels: 2
[SPX]		SELL 65 @ $500 (2 orders)
[SPX]		SELL 40 @ $499 (1 order)
[SPX]	Product: Router; Buy levels: 0; Sell levels: 1
[SPX]		SELL 15 @ $10 (1 order)
[SPX]	--POSITIONS--
[SPX]	Trader 0: GPU 0 ($0), Router 0 ($0)
[SPX] [T0] Parsing command: <SELL 4 GPU 10 501>
[SPX]	--ORDERBOOK--
[SPX]	Product: GPU; Buy levels: 0; Sell levels: 3
[SPX]		SELL 10 @ $501 (1 order)
[SPX]		SELL 65 @ $500 (2 orders)
[SPX]		SELL 40 @ $499 (1 order)
[SPX]	Product: Router; Buy levels: 0; Sell levels: 1
[SPX]		SELL 15 @ $10 (1 order)
[SPX]	--POSITIONS--
[SPX]	Trader 0: GPU 0 ($0), Router 0 ($0)
[SPX] [T0] Parsing command: <SELL 5 ROUTER 999999 999999>
[SPX]	--ORDERBOOK--
[SPX]	Product: GPU; Buy levels: 0; Sell levels: 3
[SPX]		SELL 10 @ $501 (1 order)
[SPX]		SELL 65 @ $500 (2 orders)
[SPX]		SELL 40 @ $499 (1 order)
[SPX]	Product: Router; Buy levels: 0; Sell levels: 2
[SPX]		SELL 999999 @ $999999 (1 order)
[SPX]		SELL 15 @ $10 (1 order)
[SPX]	--POSITIONS--
[SPX]	Trader 0: GPU 0 ($0), Router 0 ($0)
[SPX] Trader 0 disconnected
[SPX] Trading completed
[SPX] Exchange fees collected: $0
