[SPX] Starting
[SPX] Trading 2 products: GPU Router
[SPX] Created FIFO /tmp/spx_exchange_0
[SPX] Created FIFO /tmp/spx_trader_0
[SPX] Starting trader 0 (tests/E2E/autotrader1/trader)
[SPX] Connected to /tmp/spx_exchange_0
[SPX] Connected to /tmp/spx_trader_0
[SPX] Created FIFO /tmp/spx_exchange_1
[SPX] Created FIFO /tmp/spx_trader_1
[SPX] Starting trader 1 (spx_trader)
[SPX] Connected to /tmp/spx_exchange_1
[SPX] Connected to /tmp/spx_trader_1
[SPX] [T0] Parsing command: <SELL 0 GPU 30 500>
[SPX]	--ORDERBOOK--
[SPX]	Product: GPU; Buy levels: 0; Sell levels: 1
[SPX]		SELL 30 @ $500 (1 order)
[SPX]	Product: Router; Buy levels: 0; Sell levels: 0
[SPX]	--POSITIONS--
[SPX]	Trader 0: GPU 0 ($0), Router 0 ($0)
[SPX]	Trader 1: GPU 0 ($0), Router 0 ($0)
[SPX] [T1] Parsing command: <BUY 0 GPU 30 500>
[SPX] Match: Order 0 [T0], New Order 0 [T1], value: $15000, fee: $150.
[SPX]	--ORDERBOOK--
[SPX]	Product: GPU; Buy levels: 0; Sell levels: 0
[SPX]	Product: Router; Buy levels: 0; Sell levels: 0
[SPX]	--POSITIONS--
[SPX]	Trader 0: GPU -30 ($15000), Router 0 ($0)
[SPX]	Trader 1: GPU 30 ($-15150), Router 0 ($0)
[SPX] [T0] Parsing command: <SELL 1 ROUTER 10 1000>
[SPX]	--ORDERBOOK--
[SPX]	Product: GPU; Buy levels: 0; Sell levels: 0
[SPX]	Product: Router; Buy levels: 0; Sell levels: 1
[SPX]		SELL 10 @ $1000 (1 order)
[SPX]	--POSITIONS--
[SPX]	Trader 0: GPU -30 ($15000), Router 0 ($0)
[SPX]	Trader 1: GPU 30 ($-15150), Router 0 ($0)
[SPX] [T1] Parsing command: <BUY 1 ROUTER 10 1000>
[SPX] Match: Order 1 [T0], New Order 1 [T1], value: $10000, fee: $100.
[SPX]	--ORDERBOOK--
[SPX]	Product: GPU; Buy levels: 0; Sell levels: 0
[SPX]	Product: Router; Buy levels: 0; Sell levels: 0
[SPX]	--POSITIONS--
[SPX]	Trader 0: GPU -30 ($15000), Router -10 ($10000)
[SPX]	Trader 1: GPU 30 ($-15150), Router 10 ($-10100)
[SPX] [T0] Parsing command: <SELL 2 ROUTER 1600 10>
[SPX]	--ORDERBOOK--
[SPX]	Product: GPU; Buy levels: 0; Sell levels: 0
[SPX]	Product: Router; Buy levels: 1; Sell levels: 0
[SPX]		BUY 1600 @ $10 (1 order)
[SPX]	--POSITIONS--
[SPX]	Trader 0: GPU -30 ($15000), Router -10 ($10000)
[SPX]	Trader 1: GPU 30 ($-15150), Router 10 ($-10100)
[SPX] Trader 1 disconnected
[SPX] Trader 0 disconnected
[SPX] Trading completed
[SPX] Exchange fees collected: $250
