[SPX] Starting
[SPX] Trading 4 products: Beetles Queen NWA Elvis
cant open pipe: File exists
cant open pipe: File exists
[SPX] Starting trader 0 (tests/E2E/selfmatch/trader)
[SPX] Connected to /tmp/spx_exchange_0
[SPX] Connected to /tmp/spx_trader_0
[SPX] [T0] Parsing command: <BUY 0 BEETLES 10 2>
[SPX]	--ORDERBOOK--
[SPX]	Product: Beetles; Buy levels: 1; Sell levels: 0
[SPX]		BUY 10 @ $2 (1 order)
[SPX]	Product: Queen; Buy levels: 0; Sell levels: 0
[SPX]	Product: NWA; Buy levels: 0; Sell levels: 0
[SPX]	Product: Elvis; Buy levels: 0; Sell levels: 0
[SPX]	--POSITIONS--
[SPX]	Trader 0: Beetles 0 ($0), Queen 0 ($0), NWA 0 ($0), Elvis 0 ($0)
[SPX] [T0] Parsing command: <SELL 1 beetles 10 2>
[SPX] Match: Order 0 [T0], New Order 1 [T0], value: $20, fee: $0.
[SPX]	--ORDERBOOK--
[SPX]	Product: Beetles; Buy levels: 0; Sell levels: 0
[SPX]	Product: Queen; Buy levels: 0; Sell levels: 0
[SPX]	Product: NWA; Buy levels: 0; Sell levels: 0
[SPX]	Product: Elvis; Buy levels: 0; Sell levels: 0
[SPX]	--POSITIONS--
[SPX]	Trader 0: Beetles 0 ($0), Queen 0 ($0), NWA 0 ($0), Elvis 0 ($0)
[SPX] [T0] Parsing command: <SELL 2 elvis 13 12345>
[SPX]	--ORDERBOOK--
[SPX]	Product: Beetles; Buy levels: 0; Sell levels: 0
[SPX]	Product: Queen; Buy levels: 0; Sell levels: 0
[SPX]	Product: NWA; Buy levels: 0; Sell levels: 0
[SPX]	Product: Elvis; Buy levels: 0; Sell levels: 1
[SPX]		SELL 13 @ $12345 (1 order)
[SPX]	--POSITIONS--
[SPX]	Trader 0: Beetles 0 ($0), Queen 0 ($0), NWA 0 ($0), Elvis 0 ($0)
[SPX] [T0] Parsing command: <BUY 3 elvis 13 12345>
[SPX] Match: Order 2 [T0], New Order 3 [T0], value: $160485, fee: $1605.
[SPX]	--ORDERBOOK--
[SPX]	Product: Beetles; Buy levels: 0; Sell levels: 0
[SPX]	Product: Queen; Buy levels: 0; Sell levels: 0
[SPX]	Product: NWA; Buy levels: 0; Sell levels: 0
[SPX]	Product: Elvis; Buy levels: 0; Sell levels: 0
[SPX]	--POSITIONS--
[SPX]	Trader 0: Beetles 0 ($0), Queen 0 ($0), NWA 0 ($0), Elvis 0 ($-1605)
[SPX] [T0] Parsing command: <SELL 4 beetles 350 450>
[SPX]	--ORDERBOOK--
[SPX]	Product: Beetles; Buy levels: 0; Sell levels: 1
[SPX]		SELL 350 @ $450 (1 order)
[SPX]	Product: Queen; Buy levels: 0; Sell levels: 0
[SPX]	Product: NWA; Buy levels: 0; Sell levels: 0
[SPX]	Product: Elvis; Buy levels: 0; Sell levels: 0
[SPX]	--POSITIONS--
[SPX]	Trader 0: Beetles 0 ($0), Queen 0 ($0), NWA 0 ($0), Elvis 0 ($-1605)
[SPX] [T0] Parsing command: <BUY 5 beetles 1010 10000>
[SPX] Match: Order 4 [T0], New Order 5 [T0], value: $157500, fee: $1575.
[SPX]	--ORDERBOOK--
[SPX]	Product: Beetles; Buy levels: 1; Sell levels: 0
[SPX]		BUY 660 @ $10000 (1 order)
[SPX]	Product: Queen; Buy levels: 0; Sell levels: 0
[SPX]	Product: NWA; Buy levels: 0; Sell levels: 0
[SPX]	Product: Elvis; Buy levels: 0; Sell levels: 0
[SPX]	--POSITIONS--
[SPX]	Trader 0: Beetles 0 ($-1575), Queen 0 ($0), NWA 0 ($0), Elvis 0 ($-1605)
[SPX] [T0] Parsing command: <BUY 6 NWA 1190 90000>
[SPX]	--ORDERBOOK--
[SPX]	Product: Beetles; Buy levels: 1; Sell levels: 0
[SPX]		BUY 660 @ $10000 (1 order)
[SPX]	Product: Queen; Buy levels: 0; Sell levels: 0
[SPX]	Product: NWA; Buy levels: 1; Sell levels: 0
[SPX]		BUY 1190 @ $90000 (1 order)
[SPX]	Product: Elvis; Buy levels: 0; Sell levels: 0
[SPX]	--POSITIONS--
[SPX]	Trader 0: Beetles 0 ($-1575), Queen 0 ($0), NWA 0 ($0), Elvis 0 ($-1605)
[SPX] [T0] Parsing command: <SELL 7 NWA 240 90000>
[SPX] Match: Order 6 [T0], New Order 7 [T0], value: $21600000, fee: $216000.
[SPX]	--ORDERBOOK--
[SPX]	Product: Beetles; Buy levels: 1; Sell levels: 0
[SPX]		BUY 660 @ $10000 (1 order)
[SPX]	Product: Queen; Buy levels: 0; Sell levels: 0
[SPX]	Product: NWA; Buy levels: 1; Sell levels: 0
[SPX]		BUY 950 @ $90000 (1 order)
[SPX]	Product: Elvis; Buy levels: 0; Sell levels: 0
[SPX]	--POSITIONS--
[SPX]	Trader 0: Beetles 0 ($-1575), Queen 0 ($0), NWA 0 ($-216000), Elvis 0 ($-1605)
[SPX] Trader 0 disconnected
[SPX] Trading completed
[SPX] Exchange fees collected: $219180
