[SPX] Starting
[SPX] Trading 6 products: Kendrick Kanye Cole Future Biggie BareNakedLadies
[SPX] Created FIFO /tmp/spx_exchange_0
[SPX] Created FIFO /tmp/spx_trader_0
[SPX] Starting trader 0 (tests/E2E/complex_traders/trader1)
[SPX] Connected to /tmp/spx_exchange_0
[SPX] Connected to /tmp/spx_trader_0
[SPX] Created FIFO /tmp/spx_exchange_1
[SPX] Created FIFO /tmp/spx_trader_1
[SPX] Starting trader 1 (tests/E2E/complex_traders/trader2)
[SPX] Connected to /tmp/spx_exchange_1
[SPX] Connected to /tmp/spx_trader_1
[SPX] [T0] Parsing command: <SELL 0 barenakedladies 30 500>
[SPX]	--ORDERBOOK--
[SPX]	Product: Kendrick; Buy levels: 0; Sell levels: 0
[SPX]	Product: Kanye; Buy levels: 0; Sell levels: 0
[SPX]	Product: Cole; Buy levels: 0; Sell levels: 0
[SPX]	Product: Future; Buy levels: 0; Sell levels: 0
[SPX]	Product: Biggie; Buy levels: 0; Sell levels: 0
[SPX]	Product: BareNakedLadies; Buy levels: 0; Sell levels: 1
[SPX]		SELL 30 @ $500 (1 order)
[SPX]	--POSITIONS--
[SPX]	Trader 0: Kendrick 0 ($0), Kanye 0 ($0), Cole 0 ($0), Future 0 ($0), Biggie 0 ($0), BareNakedLadies 0 ($0)
[SPX]	Trader 1: Kendrick 0 ($0), Kanye 0 ($0), Cole 0 ($0), Future 0 ($0), Biggie 0 ($0), BareNakedLadies 0 ($0)
[SPX] [T0] Parsing command: <BUY 1 kanye 10 1000>
[SPX]	--ORDERBOOK--
[SPX]	Product: Kendrick; Buy levels: 0; Sell levels: 0
[SPX]	Product: Kanye; Buy levels: 1; Sell levels: 0
[SPX]		BUY 10 @ $1000 (1 order)
[SPX]	Product: Cole; Buy levels: 0; Sell levels: 0
[SPX]	Product: Future; Buy levels: 0; Sell levels: 0
[SPX]	Product: Biggie; Buy levels: 0; Sell levels: 0
[SPX]	Product: BareNakedLadies; Buy levels: 0; Sell levels: 1
[SPX]		SELL 30 @ $500 (1 order)
[SPX]	--POSITIONS--
[SPX]	Trader 0: Kendrick 0 ($0), Kanye 0 ($0), Cole 0 ($0), Future 0 ($0), Biggie 0 ($0), BareNakedLadies 0 ($0)
[SPX]	Trader 1: Kendrick 0 ($0), Kanye 0 ($0), Cole 0 ($0), Future 0 ($0), Biggie 0 ($0), BareNakedLadies 0 ($0)
[SPX] [T1] Parsing command: <BUY 0 Future 10 450>
[SPX]	--ORDERBOOK--
[SPX]	Product: Kendrick; Buy levels: 0; Sell levels: 0
[SPX]	Product: Kanye; Buy levels: 1; Sell levels: 0
[SPX]		BUY 10 @ $1000 (1 order)
[SPX]	Product: Cole; Buy levels: 0; Sell levels: 0
[SPX]	Product: Future; Buy levels: 1; Sell levels: 0
[SPX]		BUY 10 @ $450 (1 order)
[SPX]	Product: Biggie; Buy levels: 0; Sell levels: 0
[SPX]	Product: BareNakedLadies; Buy levels: 0; Sell levels: 1
[SPX]		SELL 30 @ $500 (1 order)
[SPX]	--POSITIONS--
[SPX]	Trader 0: Kendrick 0 ($0), Kanye 0 ($0), Cole 0 ($0), Future 0 ($0), Biggie 0 ($0), BareNakedLadies 0 ($0)
[SPX]	Trader 1: Kendrick 0 ($0), Kanye 0 ($0), Cole 0 ($0), Future 0 ($0), Biggie 0 ($0), BareNakedLadies 0 ($0)
[SPX] [T1] Parsing command: <BUY 1 barenakedladies 25 501>
[SPX] Match: Order 0 [T0], New Order 1 [T1], value: $12500, fee: $125.
[SPX]	--ORDERBOOK--
[SPX]	Product: Kendrick; Buy levels: 0; Sell levels: 0
[SPX]	Product: Kanye; Buy levels: 1; Sell levels: 0
[SPX]		BUY 10 @ $1000 (1 order)
[SPX]	Product: Cole; Buy levels: 0; Sell levels: 0
[SPX]	Product: Future; Buy levels: 1; Sell levels: 0
[SPX]		BUY 10 @ $450 (1 order)
[SPX]	Product: Biggie; Buy levels: 0; Sell levels: 0
[SPX]	Product: BareNakedLadies; Buy levels: 0; Sell levels: 1
[SPX]		SELL 5 @ $500 (1 order)
[SPX]	--POSITIONS--
[SPX]	Trader 0: Kendrick 0 ($0), Kanye 0 ($0), Cole 0 ($0), Future 0 ($0), Biggie 0 ($0), BareNakedLadies -25 ($12500)
[SPX]	Trader 1: Kendrick 0 ($0), Kanye 0 ($0), Cole 0 ($0), Future 0 ($0), Biggie 0 ($0), BareNakedLadies 25 ($-12625)
[SPX] [T0] Parsing command: <SELL 2 future 20 500>
[SPX]	--ORDERBOOK--
[SPX]	Product: Kendrick; Buy levels: 0; Sell levels: 0
[SPX]	Product: Kanye; Buy levels: 1; Sell levels: 0
[SPX]		BUY 10 @ $1000 (1 order)
[SPX]	Product: Cole; Buy levels: 0; Sell levels: 0
[SPX]	Product: Future; Buy levels: 1; Sell levels: 1
[SPX]		SELL 20 @ $500 (1 order)
[SPX]		BUY 10 @ $450 (1 order)
[SPX]	Product: Biggie; Buy levels: 0; Sell levels: 0
[SPX]	Product: BareNakedLadies; Buy levels: 0; Sell levels: 1
[SPX]		SELL 5 @ $500 (1 order)
[SPX]	--POSITIONS--
[SPX]	Trader 0: Kendrick 0 ($0), Kanye 0 ($0), Cole 0 ($0), Future 0 ($0), Biggie 0 ($0), BareNakedLadies -25 ($12500)
[SPX]	Trader 1: Kendrick 0 ($0), Kanye 0 ($0), Cole 0 ($0), Future 0 ($0), Biggie 0 ($0), BareNakedLadies 25 ($-12625)
[SPX] [T1] Parsing command: <AMEND 0 20 550>
[SPX] Match: Order 2 [T0], New Order 0 [T1], value: $10000, fee: $100.
[SPX]	--ORDERBOOK--
[SPX]	Product: Kendrick; Buy levels: 0; Sell levels: 0
[SPX]	Product: Kanye; Buy levels: 1; Sell levels: 0
[SPX]		BUY 10 @ $1000 (1 order)
[SPX]	Product: Cole; Buy levels: 0; Sell levels: 0
[SPX]	Product: Future; Buy levels: 0; Sell levels: 0
[SPX]	Product: Biggie; Buy levels: 0; Sell levels: 0
[SPX]	Product: BareNakedLadies; Buy levels: 0; Sell levels: 1
[SPX]		SELL 5 @ $500 (1 order)
[SPX]	--POSITIONS--
[SPX]	Trader 0: Kendrick 0 ($0), Kanye 0 ($0), Cole 0 ($0), Future -20 ($10000), Biggie 0 ($0), BareNakedLadies -25 ($12500)
[SPX]	Trader 1: Kendrick 0 ($0), Kanye 0 ($0), Cole 0 ($0), Future 20 ($-10100), Biggie 0 ($0), BareNakedLadies 25 ($-12625)
[SPX] [T1] Parsing command: <BUY biggie 100 1000>
[SPX] [T1] Parsing command: <BUY 2 biggie 100 1000>
[SPX]	--ORDERBOOK--
[SPX]	Product: Kendrick; Buy levels: 0; Sell levels: 0
[SPX]	Product: Kanye; Buy levels: 1; Sell levels: 0
[SPX]		BUY 10 @ $1000 (1 order)
[SPX]	Product: Cole; Buy levels: 0; Sell levels: 0
[SPX]	Product: Future; Buy levels: 0; Sell levels: 0
[SPX]	Product: Biggie; Buy levels: 1; Sell levels: 0
[SPX]		BUY 100 @ $1000 (1 order)
[SPX]	Product: BareNakedLadies; Buy levels: 0; Sell levels: 1
[SPX]		SELL 5 @ $500 (1 order)
[SPX]	--POSITIONS--
[SPX]	Trader 0: Kendrick 0 ($0), Kanye 0 ($0), Cole 0 ($0), Future -20 ($10000), Biggie 0 ($0), BareNakedLadies -25 ($12500)
[SPX]	Trader 1: Kendrick 0 ($0), Kanye 0 ($0), Cole 0 ($0), Future 20 ($-10100), Biggie 0 ($0), BareNakedLadies 25 ($-12625)
[SPX] [T0] Parsing command: <SELL 3 kendrick 69 420>
[SPX]	--ORDERBOOK--
[SPX]	Product: Kendrick; Buy levels: 0; Sell levels: 1
[SPX]		SELL 69 @ $420 (1 order)
[SPX]	Product: Kanye; Buy levels: 1; Sell levels: 0
[SPX]		BUY 10 @ $1000 (1 order)
[SPX]	Product: Cole; Buy levels: 0; Sell levels: 0
[SPX]	Product: Future; Buy levels: 0; Sell levels: 0
[SPX]	Product: Biggie; Buy levels: 1; Sell levels: 0
[SPX]		BUY 100 @ $1000 (1 order)
[SPX]	Product: BareNakedLadies; Buy levels: 0; Sell levels: 1
[SPX]		SELL 5 @ $500 (1 order)
[SPX]	--POSITIONS--
[SPX]	Trader 0: Kendrick 0 ($0), Kanye 0 ($0), Cole 0 ($0), Future -20 ($10000), Biggie 0 ($0), BareNakedLadies -25 ($12500)
[SPX]	Trader 1: Kendrick 0 ($0), Kanye 0 ($0), Cole 0 ($0), Future 20 ($-10100), Biggie 0 ($0), BareNakedLadies 25 ($-12625)
[SPX] [T0] Parsing command: <BUY 4 cole 999999 999999>
[SPX]	--ORDERBOOK--
[SPX]	Product: Kendrick; Buy levels: 0; Sell levels: 1
[SPX]		SELL 69 @ $420 (1 order)
[SPX]	Product: Kanye; Buy levels: 1; Sell levels: 0
[SPX]		BUY 10 @ $1000 (1 order)
[SPX]	Product: Cole; Buy levels: 1; Sell levels: 0
[SPX]		BUY 999999 @ $999999 (1 order)
[SPX]	Product: Future; Buy levels: 0; Sell levels: 0
[SPX]	Product: Biggie; Buy levels: 1; Sell levels: 0
[SPX]		BUY 100 @ $1000 (1 order)
[SPX]	Product: BareNakedLadies; Buy levels: 0; Sell levels: 1
[SPX]		SELL 5 @ $500 (1 order)
[SPX]	--POSITIONS--
[SPX]	Trader 0: Kendrick 0 ($0), Kanye 0 ($0), Cole 0 ($0), Future -20 ($10000), Biggie 0 ($0), BareNakedLadies -25 ($12500)
[SPX]	Trader 1: Kendrick 0 ($0), Kanye 0 ($0), Cole 0 ($0), Future 20 ($-10100), Biggie 0 ($0), BareNakedLadies 25 ($-12625)
[SPX] [T1] Parsing command: <SELL 3 COLE 400 25>
[SPX] Match: Order 4 [T0], New Order 3 [T1], value: $399999600, fee: $3999996.
[SPX]	--ORDERBOOK--
[SPX]	Product: Kendrick; Buy levels: 0; Sell levels: 1
[SPX]		SELL 69 @ $420 (1 order)
[SPX]	Product: Kanye; Buy levels: 1; Sell levels: 0
[SPX]		BUY 10 @ $1000 (1 order)
[SPX]	Product: Cole; Buy levels: 1; Sell levels: 0
[SPX]		BUY 999599 @ $999999 (1 order)
[SPX]	Product: Future; Buy levels: 0; Sell levels: 0
[SPX]	Product: Biggie; Buy levels: 1; Sell levels: 0
[SPX]		BUY 100 @ $1000 (1 order)
[SPX]	Product: BareNakedLadies; Buy levels: 0; Sell levels: 1
[SPX]		SELL 5 @ $500 (1 order)
[SPX]	--POSITIONS--
[SPX]	Trader 0: Kendrick 0 ($0), Kanye 0 ($0), Cole 400 ($-399999600), Future -20 ($10000), Biggie 0 ($0), BareNakedLadies -25 ($12500)
[SPX]	Trader 1: Kendrick 0 ($0), Kanye 0 ($0), Cole -400 ($395999604), Future 20 ($-10100), Biggie 0 ($0), BareNakedLadies 25 ($-12625)
[SPX] Trader 1 disconnected
[SPX] Trader 0 disconnected
[SPX] Trading completed
[SPX] Exchange fees collected: $4000221
