ok

ok

ok

c [9 8 7 0]
b [4 5 6]
a [1 2 3]

ok

b [4 5 6]
a [1 2 3]

ok

b [4 5 6]

ok

no entries

bye
