no such key

ok

no such key

no such key

no such key

a [1 2 3 4 5]

1

4

a[1 2 3 4 5]

bye
