ok

ok

ok

ok

index out of range

a

index out of range

no such key

no such key

d []
c [b]
b [a]
a [1 2 3]

bye
