ok

ok

b [4 5 6 7 8]
a [1 2 3]

index out of range

3

2

1

index out of range

b [4 5 6 7 8]
a []

5

7

index out of range

b [4 6 8]
a []

bye
