ok

ok

1

2

3

b [9 8 7]
a []

nil

nil

nil

b [9 8 7]
a []

9

8

7

b []
a []

nil

b []
a []

a

bye