ok

ok

no such key

no such key

1

a

nil

no such key

b []
a [2 3]

bye
