ok

saved as snapshot 1

ok

saved as snapshot 2

ok

saved as snapshot 3

ok

ok

not permitted

b [4 5 6]

3
2
1

ok

ok

b [4 5 6]

2
1

ok

b [4 5 6]

ok

no entries

bye
