ok

[1 2 3 4 5]

ok

[5 4 3 2 1]

ok

[1 2 3 4 5]

ok

ok

[5 4 3 2 1 2 3 4 5]

ok

[5 4 3 2 1 2 3 4 5]

ok

[1 2 2 3 3 4 4 5 5]

ok

ok

b [2 4 1 -5 2 -1 7 -2 1 2 -1 0 0 5 -5]
a [1 2 3 4 5]

ok

[-5 5 0 0 -1 2 1 -2 7 -1 2 -5 1 4 2]

ok

[2 4 1 -5 2 -1 7 -2 1 2 -1 0 0 5 -5]

ok

[-5 -5 -2 -1 -1 0 0 1 1 2 2 2 4 5 7]

ok

[-5 -2 -1 0 1 2 4 5 7]

ok

b [-5 -2 -1 0 1 2 4 5 7]
a [1 2 3 4 5]

bye
