ok

ok

ok

c
b
a

c [b]
b [1 2 a]
a [1 2 3]

bye
