ok

ok

ok

ok

ok

ok

ok

d [c a 0]
c [9 8 7 0 b 2 a]
b [a 4 5 6]
a [1 2 3]

nil

a

a, b

a, b, c

b, c, d

c, d

d

nil

ok

c [9 8 7 0 b 2 a]
b [a 4 5 6]
a [1 2 3]

b

a

nil

b, c

bye
