ok

no such key

no such key

a [1 2 3]

ok

no such key

a [1 2 3 1]

no such key

no such key

a [1 2 3 1]

bye
