ok

ok

ok

ok

ok

ok

c [9 8 7 2 3 4]
b [4 5 6 2]
a [1 2 3 0 -1 -2]

ok

ok

c [9 8 7 2 3 4 1 b 2 a 3]
b [4 5 6 2]
a [1 2 3 0 -1 -2 b]

bye
