no keys
no entries
no snapshots
invalid command
invalid command
bye
