ok

ok

ok

1

1

-1

6

6

9

1

6

1

6

-1

9

c [3 0 4]
b [3 2 5 4]
a [2 3 4 5]

2

2

0

5

5

4

2

c [3 0 4]
b [3 2 5 4]
a [3 4 5]

bye
