ok

ok

ok

ok

ok

e [a 0 b 10 c -2 d]
d [a b c]
c [-1 9 3 0 4]
b [3 2 5 4 1 7]
a [1 2 3 4 5 6]

1

6

ok

[b 1 2 3 4 5 6]

1

7

ok

[c 3 2 5 4 1 7]

-1

9

-1

9

-2

10

e
d
c
b
a

bye
