ok

ok

ok

ok

ok

c [9 8 7 1 a 2 b 3]
b [a 4 5 6]
a [1 2 3]

1

a

9

c [8 7 1 a 2 b 3]
b [4 5 6]
a [2 3]

2

4

8

3

5

7

nil

6

1

nil

nil

a

2

b

3

nil

c []
b []
a []

bye