ok

ok

ok

ok

ok

c
b
a

c [b a 9 8 7]
b [a 4 5 6]
a [1 2 3]

bye
