ok

no such key

[1 2 3]

no such key

[1 2 3]

a

no such key

a [1 2 3]

ok

no such key

bye
