ok

ok

not permitted

not permitted

not permitted

no such key

no such key

no such key

b [1 2 a 3 4]
a [1 2 3]

b
a

bye
