ok

ok

ok

ok

d [a b c]
c [-2 a 8 b -5]
b [8 a 5]
a [1 2 3]

6

3

19

5

26

11

51

19

ok

ok

ok

ok

d [b c]
c [a 2]
b [a 1]
a [1 2 3]

15

8

bye
