ok

ok

ok

6

-1

20

3

5

1

c []
b [4 -10 1 1 2 -3 4 -5]
a [1 2 3 4 7 9]

26

-6

0

6

8

0

bye
