ok

simple

ok

simple

ok

general

a

simple

ok

general

a

b

simple

ok

general

a

b

ok

simple

ok

general

bye
