ok

ok

nil

b

a

nil

ok

nil

b, c

a

c

a, b

nil

ok

ok

e [1 d 2 a 3 c 4 b 5]
d [a b c]
c [a b]
b [1 a 2]
a [1 2 3]

nil

b, c, d, e

a

c, d, e

a, b

d, e

a, b, c

e

a, b, c, d

nil

bye
